[alamp-store-demo.myshopify.com/index.html]
[backblue.gif]
[fade.gif]
[index.html]
[alamp-store-demo.myshopify.com/cdn/shop/t/3/assets/favicon4eb5.png]
[alamp-store-demo.myshopify.com/cdn/shop/t/3/assets/icon-for-mobile7b7a.png]
[alamp-store-demo.myshopify.com/cdn/shop/t/3/assets/icon-for-mobile_57x577b7a.png]
[alamp-store-demo.myshopify.com/cdn/shop/t/3/assets/icon-for-mobile_60x607b7a.png]
[alamp-store-demo.myshopify.com/cdn/shop/t/3/assets/icon-for-mobile_72x727b7a.png]
[alamp-store-demo.myshopify.com/cdn/shop/t/3/assets/icon-for-mobile_76x767b7a.png]
[alamp-store-demo.myshopify.com/cdn/shop/t/3/assets/icon-for-mobile_114x1147b7a.png]
[alamp-store-demo.myshopify.com/cdn/shop/t/3/assets/icon-for-mobile_120x1207b7a.png]
[alamp-store-demo.myshopify.com/cdn/shop/t/3/assets/icon-for-mobile_144x1447b7a.png]
[alamp-store-demo.myshopify.com/cdn/shop/t/3/assets/icon-for-mobile_152x1527b7a.png]
[alamp-store-demo.myshopify.com/cdn/shop/t/3/assets/logo7b7a.png]
[alamp-store-demo.myshopify.com/cdn/shop/t/3/assets/timber.scssa984.css]
[alamp-store-demo.myshopify.com/cdn/shop/t/3/assets/bootstrap.minaac1.css]
[alamp-store-demo.myshopify.com/cdn/shop/t/3/assets/slick8a8d.css]
[alamp-store-demo.myshopify.com/cdn/shop/t/3/assets/slick-theme847d.css]
[alamp-store-demo.myshopify.com/cdn/shop/t/3/assets/jquery.fancybox.mind5ed.css]
[alamp-store-demo.myshopify.com/cdn/shop/t/3/assets/style-main.scss9bfd.css]
[alamp-store-demo.myshopify.com/cdn/shop/t/3/assets/engo-customize.scss8368.css]
[alamp-store-demo.myshopify.com/cdn/shop/t/3/assets/animate.min63e1.css]
[alamp-store-demo.myshopify.com/checkouts/internal/preloads3d09.js]
[cdn.shopify.com/shopifycloud/storefront-recaptcha-v3/v0.6/index.js]
[alamp-store-demo.myshopify.com/cdn/shopifycloud/shopify/assets/storefront/load_feature-87876fa245af19cbd14aa886ed59c6aa8a27c45d24dcd7a81cf2d2323506233e.js]
[alamp-store-demo.myshopify.com/cdn/shopifycloud/portable-wallets/latest/portable-wallets.en.js]
[alamp-store-demo.myshopify.com/cdn/shopifycloud/shopify/assets/storefront/features-1c0b396bd4d054b94abae1eb6a1bd6ba47beb35525c57a217c77a862ff06d83f.js]
[alamp-store-demo.myshopify.com/cdn/shop/t/3/compiled_assets/styles7b7a.css]
[alamp-store-demo.myshopify.com/cdn/shop/t/3/assets/jquery-3.5.0.min184a.js]
[maxcdn.bootstrapcdn.com/font-awesome/4.7.0/css/font-awesome.min.css]
[alamp-store-demo.myshopify.com/cdn/shopifycloud/shopify/assets/themes_support/api.jquery-b0af070cfe3f5cf7c92f9e2a5da2665ee07ed2aad63bb408f8d6672f894a5996.js]
[alamp-store-demo.myshopify.com/cdn/shop/t/3/assets/modernizr-2.8.3.min9f44.js]
[alamp-store-demo.myshopify.com/cdn/shopifycloud/shopify/assets/themes_support/option_selection-86cdd286ddf3be7e25d68b9fc5965d7798a3ff6228ff79af67b3f4e41d6a34be.js]
[alamp-store-demo.myshopify.com/cdn/shop/t/3/assets/lazysizes.min96e8.js]
[alamp-store-demo.myshopify.com/cdn/shop/t/3/assets/loader91d9.gif]
[alamp-store-demo.myshopify.com/POST]
[alamp-store-demo.myshopify.com/cdn]
[alamp-store-demo.myshopify.com/cdn/s/trekkie.storefront.7a4225caf9379fe42103e492053220a7195df1ae.min.js]
[alamp-store-demo.myshopify.com/cdn/shopifycloud/shopify/assets/shop_events_listener-a7c63dba65ccddc484f77541dc8ca437e60e1e9e297fe1c3faebf6523a0ede9b.js]
[alamp-store-demo.myshopify.com/cdn/shopifycloud/boomerang/shopify-boomerang-1.0.0.min.js]
[alamp-store-demo.myshopify.com/cdn/shop/files/home1fa16.jpg]
[alamp-store-demo.myshopify.com/cdn/shop/files/home2fa16.jpg]
[alamp-store-demo.myshopify.com/cdn/shop/files/home3fa16.jpg]
[alamp-store-demo.myshopify.com/cdn/shop/files/home4fa16.jpg]
[alamp-store-demo.myshopify.com/cdn/shop/files/home5fa16.jpg]
[alamp-store-demo.myshopify.com/pages/product-hover.html]
[alamp-store-demo.myshopify.com/cdn/shop/t/3/assets/apmenuitem_ihtml_5f149.jpg]
[alamp-store-demo.myshopify.com/pages/about-us.html]
[alamp-store-demo.myshopify.com/pages/contact-us.html]
[alamp-store-demo.myshopify.com/pages/contact-us-2.html]
[alamp-store-demo.myshopify.com/pages/faqs.html]
[alamp-store-demo.myshopify.com/404]
[alamp-store-demo.myshopify.com/account/register.html]
[alamp-store-demo.myshopify.com/cart.html]
[alamp-store-demo.myshopify.com/products/dome-pendant.html]
[alamp-store-demo.myshopify.com/cdn/shop/products/17.1cf61.jpg]
[alamp-store-demo.myshopify.com/products/novelty-pendant.html]
[alamp-store-demo.myshopify.com/cdn/shop/products/16.14788.jpg]
[alamp-store-demo.myshopify.com/products/single-pendant.html]
[alamp-store-demo.myshopify.com/cdn/shop/products/14.1650f.jpg]
[alamp-store-demo.myshopify.com/products/cotton-novelty-pendant.html]
[alamp-store-demo.myshopify.com/cdn/shop/products/12.1fb0f.jpg]
[alamp-store-demo.myshopify.com/products/polyester-empire-lamp.html]
[alamp-store-demo.myshopify.com/cdn/shop/products/11.1574a.jpg]
[alamp-store-demo.myshopify.com/products/light-ceiling-light.html]
[alamp-store-demo.myshopify.com/cdn/shop/products/8.18a10.jpg]
[alamp-store-demo.myshopify.com/products/mcgee-desk-lamp.html]
[alamp-store-demo.myshopify.com/cdn/shop/products/6.14a8d.jpg]
[alamp-store-demo.myshopify.com/products/armed-sconce.html]
[alamp-store-demo.myshopify.com/cdn/shop/products/5.19abb.jpg]
[alamp-store-demo.myshopify.com/cdn/shop/files/logo8579.png]
[alamp-store-demo.myshopify.com/collections/all.html]
[alamp-store-demo.myshopify.com/pages/about-us-2.html]
[alamp-store-demo.myshopify.com/cdn/shop/files/slide2.18aba.jpg]
[alamp-store-demo.myshopify.com/cdn/shop/files/slide2.2b792.jpg]
[alamp-store-demo.myshopify.com/cdn/shop/files/banner3.11b12.jpg]
[alamp-store-demo.myshopify.com/cdn/shop/files/banner3.3736a.jpg]
[alamp-store-demo.myshopify.com/cdn/shop/t/3/assets/loadingcd8f.gif]
[alamp-store-demo.myshopify.com/account/login.html]
[alamp-store-demo.myshopify.com/products/cohen-1-light-dome-pendant.html]
[alamp-store-demo.myshopify.com/products/light-drum-pendant.html]
[alamp-store-demo.myshopify.com/products/cotton-tapered-pendant.html]
[alamp-store-demo.myshopify.com/cdn/shop/files/bg_testimonialbfa7.jpg]
[alamp-store-demo.myshopify.com/products/silk-drum-lamp-shade.html]
[alamp-store-demo.myshopify.com/blogs/news/our-favorite-greige-colors.html]
[alamp-store-demo.myshopify.com/blogs/news.html]
[alamp-store-demo.myshopify.com/blogs/news/table-lamps-high-to-low.html]
[alamp-store-demo.myshopify.com/blogs/news/trend-we-are-loving-fluted-details.html]
[alamp-store-demo.myshopify.com/blogs/news/five-things-friday.html]
[alamp-store-demo.myshopify.com/blogs/news/low-to-high-wood-nightstands.html]
[alamp-store-demo.myshopify.com/blogs/news/a-new-kind-of-hybrid-flexibility-with-flexfit-t8s.html]
[alamp-store-demo.myshopify.com/cdn/shop/files/instagram12df4.jpg]
[alamp-store-demo.myshopify.com/cdn/shop/files/instagram21c7a.jpg]
[alamp-store-demo.myshopify.com/cdn/shop/files/instagram359c5.jpg]
[alamp-store-demo.myshopify.com/cdn/shop/files/instagram48568.jpg]
[alamp-store-demo.myshopify.com/cdn/shop/files/instagram5b846.jpg]
[alamp-store-demo.myshopify.com/cdn/shop/files/instagram66c94.jpg]
[alamp-store-demo.myshopify.com/cdn/shop/files/pay_copyright9ebc.png]
[alamp-store-demo.myshopify.com/cdn/shop/t/3/assets/fastclick0838.js]
[alamp-store-demo.myshopify.com/cdn/s/javascripts/currencies.js]
[alamp-store-demo.myshopify.com/cdn/shop/t/3/assets/jquery.currencies.minea05.js]
[alamp-store-demo.myshopify.com/cdn/shop/t/3/assets/timbere1ea.js]
[alamp-store-demo.myshopify.com/cdn/shop/t/3/assets/handlebars.minff44.js]
[alamp-store-demo.myshopify.com/cdn/shop/t/3/assets/ajax-cart91ce.js]
[alamp-store-demo.myshopify.com/cdn/shop/t/3/assets/bootstrap.bundle.min1634.js]
[alamp-store-demo.myshopify.com/cdn/shop/t/3/assets/slick.min5264.js]
[alamp-store-demo.myshopify.com/cdn/shop/t/3/assets/instafeed.mind540.js]
[alamp-store-demo.myshopify.com/cdn/shop/t/3/assets/jquery.fancybox.min7bd3.js]
[alamp-store-demo.myshopify.com/cdn/shop/t/3/assets/engo-plugins870e.js]
[alamp-store-demo.myshopify.com/cdn/shop/t/3/assets/quickviewa027.js]
[alamp-store-demo.myshopify.com/cdn/shop/t/3/assets/collectiond301.js]
[alamp-store-demo.myshopify.com/cdn/shop/t/3/assets/engo-scripts96bf.js]
[alamp-store-demo.myshopify.com/products/metal-drum-pendant-shade.html]
[alamp-store-demo.myshopify.com/products/tripod-table-lamp.html]
[alamp-store-demo.myshopify.com/products/hadley-32-cm-table-lamp.html]
[alamp-store-demo.myshopify.com/products/novelty-table-lamp.html]
[alamp-store-demo.myshopify.com/account/login4236.html]
[alamp-store-demo.myshopify.com/cdn/shop/files/popup_newsletter8f35.jpg]
[alamp-store-demo.myshopify.com/index.html]
[alamp-store-demo.myshopify.com/cdn/shop/t/3/assets/icon-for-mobile7b7a.html]
[alamp-store-demo.myshopify.com/cdn/shop/t/3/assets/icon-for-mobile_57x577b7a.html]
[alamp-store-demo.myshopify.com/cdn/shop/t/3/assets/icon-for-mobile_60x607b7a.html]
[alamp-store-demo.myshopify.com/cdn/shop/t/3/assets/icon-for-mobile_72x727b7a.html]
[alamp-store-demo.myshopify.com/cdn/shop/t/3/assets/icon-for-mobile_76x767b7a.html]
[alamp-store-demo.myshopify.com/cdn/shop/t/3/assets/icon-for-mobile_114x1147b7a.html]
[alamp-store-demo.myshopify.com/cdn/shop/t/3/assets/icon-for-mobile_120x1207b7a.html]
[alamp-store-demo.myshopify.com/cdn/shop/t/3/assets/icon-for-mobile_144x1447b7a.html]
[alamp-store-demo.myshopify.com/cdn/shop/t/3/assets/icon-for-mobile_152x1527b7a.html]
[alamp-store-demo.myshopify.com/cdn/shop/t/3/assets/logo7b7a.html]
[alamp-store-demo.myshopify.com/cdn/shop/t/3/assets/icons8d88.eot]
[alamp-store-demo.myshopify.com/cdn/shop/t/3/assets/icons8d88.woff]
[alamp-store-demo.myshopify.com/cdn/shop/t/3/assets/icons8d88.ttf]
[alamp-store-demo.myshopify.com/cdn/shop/t/3/assets/icons8d88.svg]
[alamp-store-demo.myshopify.com/cdn/shop/t/3/assets/timber.scssa984.css]
[alamp-store-demo.myshopify.com/cdn/shop/t/3/assets/bootstrap.minaac1.css]
[alamp-store-demo.myshopify.com/cdn/shop/t/3/assets/slick8a8d.css]
[alamp-store-demo.myshopify.com/cdn/shop/t/3/assets/ajax-loader.gif]
[alamp-store-demo.myshopify.com/cdn/shop/t/3/assets/slick.eot]
[alamp-store-demo.myshopify.com/cdn/shop/t/3/assets/slickd41d.eot]
[alamp-store-demo.myshopify.com/cdn/shop/t/3/assets/slick.svg]
[alamp-store-demo.myshopify.com/cdn/shop/t/3/assets/slick-theme847d.css]
[alamp-store-demo.myshopify.com/cdn/shop/t/3/assets/jquery.fancybox.mind5ed.css]
[alamp-store-demo.myshopify.com/cdn/shop/t/3/assets/style-main.scss9bfd.css]
[alamp-store-demo.myshopify.com/cdn/shop/t/3/assets/SofiaProExtraLight8d88.ttf]
[alamp-store-demo.myshopify.com/cdn/shop/t/3/assets/SofiaProSemiBold8d88.ttf]
[alamp-store-demo.myshopify.com/cdn/shop/t/3/assets/SofiaProUltraLight8d88.ttf]
[alamp-store-demo.myshopify.com/cdn/shop/t/3/assets/SofiaProBold8d88.woff]
[alamp-store-demo.myshopify.com/cdn/shop/t/3/assets/SofiaProLight8d88.woff]
[alamp-store-demo.myshopify.com/cdn/shop/t/3/assets/SofiaProMedium8d88.woff]
[alamp-store-demo.myshopify.com/cdn/shop/t/3/assets/SofiaProRegular8d88.woff]
[alamp-store-demo.myshopify.com/cdn/shop/t/3/assets/engo-customize.scss8368.css]
[alamp-store-demo.myshopify.com/cdn/shop/t/3/assets/animate.min63e1.css]
[alamp-store-demo.myshopify.com/cdn/shop/t/3/compiled_assets/styles7b7a.css]
[alamp-store-demo.myshopify.com/cdn/shop/t/3/compiled_assets/scripts7b7a.js]
[maxcdn.bootstrapcdn.com/font-awesome/4.7.0/css/font-awesome.min.css]
[alamp-store-demo.myshopify.com/cdn/shop/files/index7b7a.html]
[alamp-store-demo.myshopify.com/POST.html]
[alamp-store-demo.myshopify.com/cdn.html]
[alamp-store-demo.myshopify.com/index1056.html]
[alamp-store-demo.myshopify.com/index6ae9.html]
[alamp-store-demo.myshopify.com/indexf68e.html]
[alamp-store-demo.myshopify.com/indexc23b.html]
[alamp-store-demo.myshopify.com/indexb485.html]
[alamp-store-demo.myshopify.com/collections/all/index1056.html]
[alamp-store-demo.myshopify.com/collections/all/index6ae9.html]
[alamp-store-demo.myshopify.com/collections/all/indexf68e.html]
[alamp-store-demo.myshopify.com/collections/all/index2bc1.html]
[alamp-store-demo.myshopify.com/collections/all/indexb485.html]
[alamp-store-demo.myshopify.com/collections/all/index8820.html]
[alamp-store-demo.myshopify.com/collections/all/index9632.html]
[alamp-store-demo.myshopify.com/collections/all/indexb50c.html]
[alamp-store-demo.myshopify.com/collections/all/indexe521.html]
[alamp-store-demo.myshopify.com/products/cotton-novelty-pendant/index1056.html]
[alamp-store-demo.myshopify.com/products/cotton-novelty-pendant/index6ae9.html]
[alamp-store-demo.myshopify.com/products/cotton-novelty-pendant/indexf68e.html]
[alamp-store-demo.myshopify.com/products/cotton-novelty-pendant/index2bc1.html]
[alamp-store-demo.myshopify.com/products/cotton-novelty-pendant/indexb485.html]
[alamp-store-demo.myshopify.com/products/cotton-novelty-pendant/index8820.html]
[alamp-store-demo.myshopify.com/products/cotton-novelty-pendant/index9632.html]
[alamp-store-demo.myshopify.com/products/cotton-novelty-pendant/indexb50c.html]
[alamp-store-demo.myshopify.com/products/cotton-novelty-pendant/index943f.html]
[alamp-store-demo.myshopify.com/products/cotton-novelty-pendant/indexe521.html]
[alamp-store-demo.myshopify.com/products/cotton-novelty-pendant/index1059.html]
[alamp-store-demo.myshopify.com/products/armed-sconce/index1056.html]
[alamp-store-demo.myshopify.com/products/silk-drum-lamp-shade/index1056.html]
[alamp-store-demo.myshopify.com/products/light-ceiling-light/index1056.html]
[alamp-store-demo.myshopify.com/products/hadley-32-cm-table-lamp/index8820.html]
[alamp-store-demo.myshopify.com/products/novelty-pendant/index6ae9.html]
[alamp-store-demo.myshopify.com/products/polyester-empire-lamp/index2bc1.html]
[alamp-store-demo.myshopify.com/products/hadley-32-cm-table-lamp/indexf68e.html]
[alamp-store-demo.myshopify.com/products/cotton-tapered-pendant/index1056.html]
[alamp-store-demo.myshopify.com/collections/all/index943f.html]
[alamp-store-demo.myshopify.com/cdn/shop/t/4/assets/favicon10b1.png]
[alamp-store-demo.myshopify.com/cdn/shop/t/4/assets/icon-for-mobile7b7a.png]
[alamp-store-demo.myshopify.com/cdn/shop/t/4/assets/icon-for-mobile_57x577b7a.png]
[alamp-store-demo.myshopify.com/cdn/shop/t/4/assets/icon-for-mobile_60x607b7a.png]
[alamp-store-demo.myshopify.com/cdn/shop/t/4/assets/icon-for-mobile_72x727b7a.png]
[alamp-store-demo.myshopify.com/cdn/shop/t/4/assets/icon-for-mobile_76x767b7a.png]
[alamp-store-demo.myshopify.com/cdn/shop/t/4/assets/icon-for-mobile_114x1147b7a.png]
[alamp-store-demo.myshopify.com/cdn/shop/t/4/assets/icon-for-mobile_120x1207b7a.png]
[alamp-store-demo.myshopify.com/cdn/shop/t/4/assets/icon-for-mobile_144x1447b7a.png]
[alamp-store-demo.myshopify.com/cdn/shop/t/4/assets/icon-for-mobile_152x1527b7a.png]
[alamp-store-demo.myshopify.com/cdn/shopifycloud/shopify/assets/no-image-2048-5e88c1b20e087fb7bbe9a3771824e743c244f437e4f8ba93bbf7b11b53f7824c_medium.gif]
[alamp-store-demo.myshopify.com/cdn/shop/t/4/assets/timber.scssfd3a.css]
[alamp-store-demo.myshopify.com/cdn/shop/t/4/assets/bootstrap.minea21.css]
[alamp-store-demo.myshopify.com/cdn/shop/t/4/assets/slick896e.css]
[alamp-store-demo.myshopify.com/cdn/shop/t/4/assets/slick-themed12b.css]
[alamp-store-demo.myshopify.com/cdn/shop/t/4/assets/jquery.fancybox.min9b24.css]
[alamp-store-demo.myshopify.com/cdn/shop/t/4/assets/style-main.scss9946.css]
[alamp-store-demo.myshopify.com/cdn/shop/t/4/assets/engo-customize.scss5e79.css]
[alamp-store-demo.myshopify.com/cdn/shop/t/4/assets/animate.min6abf.css]
[alamp-store-demo.myshopify.com/cdn/shopifycloud/shopify/assets/storefront/bars/preview_bar_injector-a34ad71e81d817c255fe9239b1dfd13e3237cb01f8d44ceae72c50dddb398ae3.js]
[alamp-store-demo.myshopify.com/cdn/shop/t/4/compiled_assets/styles7b7a.css]
[alamp-store-demo.myshopify.com/cdn/shop/t/4/assets/jquery-3.5.0.min528f.js]
[alamp-store-demo.myshopify.com/cdn/shop/t/4/assets/modernizr-2.8.3.mineaf8.js]
[alamp-store-demo.myshopify.com/cdn/shop/t/4/assets/lazysizes.min5f6d.js]
[alamp-store-demo.myshopify.com/cdn/shop/t/4/assets/loaderb953.gif]
[alamp-store-demo.myshopify.com/pages/POST]
[alamp-store-demo.myshopify.com/cdn/shop/t/4/assets/apmenuitem_ihtml_5dfff.jpg]
[alamp-store-demo.myshopify.com/cdn/shop/files/bg_page6e39.jpg]
[alamp-store-demo.myshopify.com/cdn/shop/products/17.1_grandecf61.jpg]
[alamp-store-demo.myshopify.com/cdn/shop/products/17.2_grandecf61.jpg]
[alamp-store-demo.myshopify.com/cdn/shop/products/16.1_grande4788.jpg]
[alamp-store-demo.myshopify.com/cdn/shop/products/16.2_grande4788.jpg]
[alamp-store-demo.myshopify.com/cdn/shop/products/15.1_grande3550.jpg]
[alamp-store-demo.myshopify.com/cdn/shop/products/15.2_grande3550.jpg]
[alamp-store-demo.myshopify.com/cdn/shop/products/14.1_grande650f.jpg]
[alamp-store-demo.myshopify.com/cdn/shop/products/14.2_grande82fa.jpg]
[alamp-store-demo.myshopify.com/cdn/shop/t/4/assets/fastclicke079.js]
[alamp-store-demo.myshopify.com/cdn/shop/t/4/assets/jquery.currencies.min6d54.js]
[alamp-store-demo.myshopify.com/cdn/shop/t/4/assets/timber7a65.js]
[alamp-store-demo.myshopify.com/cdn/shop/t/4/assets/handlebars.min524c.js]
[alamp-store-demo.myshopify.com/cdn/shop/t/4/assets/ajax-cart0809.js]
[alamp-store-demo.myshopify.com/cdn/shop/t/4/assets/bootstrap.bundle.minbaca.js]
[alamp-store-demo.myshopify.com/cdn/shop/t/4/assets/slick.min96ab.js]
[alamp-store-demo.myshopify.com/cdn/shop/t/4/assets/instafeed.min57df.js]
[alamp-store-demo.myshopify.com/cdn/shop/t/4/assets/jquery.fancybox.mina4eb.js]
[alamp-store-demo.myshopify.com/cdn/shop/t/4/assets/engo-plugins48d0.js]
[alamp-store-demo.myshopify.com/cdn/shop/t/4/assets/quickview509f.js]
[alamp-store-demo.myshopify.com/cdn/shop/t/4/assets/collection81d7.js]
[alamp-store-demo.myshopify.com/cdn/shop/t/4/assets/engo-scripts30a1.js]
[alamp-store-demo.myshopify.com/pages/product-hover.html]
[alamp-store-demo.myshopify.com/cdn/shop/files/about19ebc.jpg]
[alamp-store-demo.myshopify.com/cdn/shop/files/about29ebc.jpg]
[alamp-store-demo.myshopify.com/cdn/shop/files/about39ebc.jpg]
[alamp-store-demo.myshopify.com/cdn/shop/files/about49ebc.jpg]
[alamp-store-demo.myshopify.com/cdn/shop/files/about53af0.jpg]
[alamp-store-demo.myshopify.com/pages/about-us.html]
[alamp-store-demo.myshopify.com/cdn/shop/files/contact_us19ebc.jpg]
[alamp-store-demo.myshopify.com/cdn/shop/t/3/assets/gmaps.min11a4.js]
[alamp-store-demo.myshopify.com/pages/contact-us.html]
[alamp-store-demo.myshopify.com/cdn/shop/t/4/assets/logo7b7a.png]
[alamp-store-demo.myshopify.com/cdn/shop/t/4/assets/gmaps.minb29a.js]
[alamp-store-demo.myshopify.com/pages/contact-us-2.html]
[alamp-store-demo.myshopify.com/pages/faqs.html]
[alamp-store-demo.myshopify.com/404.html]
[alamp-store-demo.myshopify.com/cdn/shop/t/12/assets/favicon937d.png]
[alamp-store-demo.myshopify.com/cdn/shop/t/12/assets/icon-for-mobile7b7a.png]
[alamp-store-demo.myshopify.com/cdn/shop/t/12/assets/icon-for-mobile_57x577b7a.png]
[alamp-store-demo.myshopify.com/cdn/shop/t/12/assets/icon-for-mobile_60x607b7a.png]
[alamp-store-demo.myshopify.com/cdn/shop/t/12/assets/icon-for-mobile_72x727b7a.png]
[alamp-store-demo.myshopify.com/cdn/shop/t/12/assets/icon-for-mobile_76x767b7a.png]
[alamp-store-demo.myshopify.com/cdn/shop/t/12/assets/icon-for-mobile_114x1147b7a.png]
[alamp-store-demo.myshopify.com/cdn/shop/t/12/assets/icon-for-mobile_120x1207b7a.png]
[alamp-store-demo.myshopify.com/cdn/shop/t/12/assets/icon-for-mobile_144x1447b7a.png]
[alamp-store-demo.myshopify.com/cdn/shop/t/12/assets/icon-for-mobile_152x1527b7a.png]
[alamp-store-demo.myshopify.com/cdn/shop/t/12/assets/logo7b7a.png]
[alamp-store-demo.myshopify.com/cdn/shop/t/12/assets/timber.scssa7b2.css]
[alamp-store-demo.myshopify.com/cdn/shop/t/12/assets/bootstrap.min3ca2.css]
[alamp-store-demo.myshopify.com/cdn/shop/t/12/assets/slickd04f.css]
[alamp-store-demo.myshopify.com/cdn/shop/t/12/assets/slick-themec2df.css]
[alamp-store-demo.myshopify.com/cdn/shop/t/12/assets/jquery.fancybox.min2d6f.css]
[alamp-store-demo.myshopify.com/cdn/shop/t/12/assets/style-main.scss3193.css]
[alamp-store-demo.myshopify.com/cdn/shop/t/12/assets/engo-customize.scss873c.css]
[alamp-store-demo.myshopify.com/cdn/shop/t/12/assets/animate.mind400.css]
[alamp-store-demo.myshopify.com/cdn/shop/t/12/assets/jquery-3.5.0.min4af7.js]
[alamp-store-demo.myshopify.com/cdn/shop/t/12/assets/modernizr-2.8.3.min8748.js]
[alamp-store-demo.myshopify.com/cdn/shop/t/12/assets/lazysizes.minf735.js]
[alamp-store-demo.myshopify.com/cdn/shop/t/12/assets/loader1e6e.gif]
[alamp-store-demo.myshopify.com/cdn/shopifycloud/shopify/assets/themes_support/shopify_common-33bb9d312118840468a53f36b59c62c1e8f2b7d1a0a77250db9e300441827470.js]
[alamp-store-demo.myshopify.com/account/POST]
[alamp-store-demo.myshopify.com/cdn/shop/t/12/assets/apmenuitem_ihtml_51680.jpg]
[alamp-store-demo.myshopify.com/cdn/shop/t/12/assets/fastclickddf2.js]
[alamp-store-demo.myshopify.com/cdn/shop/t/12/assets/jquery.currencies.minb034.js]
[alamp-store-demo.myshopify.com/cdn/shop/t/12/assets/timber6d9f.js]
[alamp-store-demo.myshopify.com/cdn/shop/t/12/assets/handlebars.minfe83.js]
[alamp-store-demo.myshopify.com/cdn/shop/t/12/assets/ajax-carta293.js]
[alamp-store-demo.myshopify.com/cdn/shop/t/12/assets/bootstrap.bundle.mind2a6.js]
[alamp-store-demo.myshopify.com/cdn/shop/t/12/assets/slick.min28e6.js]
[alamp-store-demo.myshopify.com/cdn/shop/t/12/assets/instafeed.min20be.js]
[alamp-store-demo.myshopify.com/cdn/shop/t/12/assets/jquery.fancybox.min2ecf.js]
[alamp-store-demo.myshopify.com/cdn/shop/t/12/assets/engo-plugins2629.js]
[alamp-store-demo.myshopify.com/cdn/shop/t/12/assets/quickview644a.js]
[alamp-store-demo.myshopify.com/cdn/shop/t/12/assets/collectionb162.js]
[alamp-store-demo.myshopify.com/cdn/shop/t/12/assets/engo-scripts2e5e.js]
[alamp-store-demo.myshopify.com/account/register.html]
[alamp-store-demo.myshopify.com/cdn/shop/t/12/compiled_assets/styles7b7a.css]
[alamp-store-demo.myshopify.com/cart.html]
[alamp-store-demo.myshopify.com/blogs/news/trend-we-are-loving-fluted-details/index1056.html]
[alamp-store-demo.myshopify.com/blogs/news/trend-we-are-loving-fluted-details/index6ae9.html]
[alamp-store-demo.myshopify.com/blogs/news/trend-we-are-loving-fluted-details/indexf68e.html]
[alamp-store-demo.myshopify.com/blogs/news/table-lamps-high-to-low/index1056.html]
[alamp-store-demo.myshopify.com/blogs/news/our-favorite-greige-colors/index1056.html]
[alamp-store-demo.myshopify.com/blogs/news/index1056.html]
[alamp-store-demo.myshopify.com/blogs/news/index6ae9.html]
[alamp-store-demo.myshopify.com/blogs/news/indexf68e.html]
[alamp-store-demo.myshopify.com/blogs/news/index2bc1.html]
[alamp-store-demo.myshopify.com/blogs/news/indexb485.html]
[alamp-store-demo.myshopify.com/blogs/news/index8820.html]
[alamp-store-demo.myshopify.com/cdn/shop/products/17.3_grandecf61.jpg]
[alamp-store-demo.myshopify.com/cdn/shop/products/17.1_mediumcf61.jpg]
[alamp-store-demo.myshopify.com/products/dome-pendant.oembed]
[alamp-store-demo.myshopify.com/cdn/shopifycloud/portable-wallets/canary/portable-wallets.en.js]
[alamp-store-demo.myshopify.com/products/POST]
[alamp-store-demo.myshopify.com/cdn/shop/products/5.1_80x809abb.jpg]
[alamp-store-demo.myshopify.com/cdn/shop/products/16.1_80x804788.jpg]
[alamp-store-demo.myshopify.com/collections.html]
[alamp-store-demo.myshopify.com/cdn/shop/files/banner_sidebar37a7.jpg]
[alamp-store-demo.myshopify.com/collections/new/products/dome-pendant.html]
[alamp-store-demo.myshopify.com/collections/new/products/novelty-pendant.html]
[alamp-store-demo.myshopify.com/collections/new/products/single-pendant.html]
[alamp-store-demo.myshopify.com/collections/new/products/cotton-novelty-pendant.html]
[alamp-store-demo.myshopify.com/cdn/shop/products/17.2cf61.jpg]
[alamp-store-demo.myshopify.com/cdn/shop/products/17.3cf61.jpg]
[alamp-store-demo.myshopify.com/cdn/shop/products/17.4cf61.jpg]
[alamp-store-demo.myshopify.com/cdn/shop/files/black7b7a.png]
[alamp-store-demo.myshopify.com/cdn/shop/files/copper7b7a.png]
[alamp-store-demo.myshopify.com/collections/frontpage.html]
[alamp-store-demo.myshopify.com/collections/new.html]
[cdn.shopify.com/s/files/1/0432/0791/7732/files/product18a9e.jpg]
[cdn.shopify.com/s/files/1/0432/0791/7732/files/product2fa25.jpg]
[cdn.shopify.com/s/files/1/0432/0791/7732/files/product3aae3.jpg]
[alamp-store-demo.myshopify.com/cdn/shop/products/16.34788.jpg]
[alamp-store-demo.myshopify.com/cdn/shop/products/14.282fa.jpg]
[alamp-store-demo.myshopify.com/cdn/shop/products/12.4fb0f.jpg]
[alamp-store-demo.myshopify.com/collections/new/products/polyester-empire-lamp.html]
[alamp-store-demo.myshopify.com/cdn/shop/products/11.49c74.jpg]
[alamp-store-demo.myshopify.com/collections/new/products/light-ceiling-light.html]
[alamp-store-demo.myshopify.com/cdn/shop/products/8.48a10.jpg]
[alamp-store-demo.myshopify.com/products/dome-pendant.html]
[alamp-store-demo.myshopify.com/cdn/shop/products/16.3_grande4788.jpg]
[alamp-store-demo.myshopify.com/cdn/shop/products/16.1_medium4788.jpg]
[alamp-store-demo.myshopify.com/products/novelty-pendant.oembed]
[alamp-store-demo.myshopify.com/cdn/shop/products/2.1_80x8048f7.jpg]
[alamp-store-demo.myshopify.com/cdn/shop/products/14.1_80x80650f.jpg]
[alamp-store-demo.myshopify.com/cdn/shop/products/16.24788.jpg]
[alamp-store-demo.myshopify.com/cdn/shop/files/mintcream7b7a.png]
[alamp-store-demo.myshopify.com/cdn/shop/files/white7b7a.png]
[alamp-store-demo.myshopify.com/collections/hot-rate.html]
[alamp-store-demo.myshopify.com/collections/hot-rate/products/single-pendant.html]
[alamp-store-demo.myshopify.com/collections/hot-rate/products/polyester-empire-lamp.html]
[alamp-store-demo.myshopify.com/collections/hot-rate/products/silk-drum-lamp-shade.html]
[alamp-store-demo.myshopify.com/cdn/shop/products/9.18717.jpg]
[alamp-store-demo.myshopify.com/cdn/shop/products/9.4b91c.jpg]
[alamp-store-demo.myshopify.com/collections/hot-rate/products/metal-drum-pendant-shade.html]
[alamp-store-demo.myshopify.com/cdn/shop/products/7.17219.jpg]
[alamp-store-demo.myshopify.com/cdn/shop/products/7.4cc11.jpg]
[alamp-store-demo.myshopify.com/collections/hot-rate/products/mcgee-desk-lamp.html]
[alamp-store-demo.myshopify.com/cdn/shop/products/6.44a8d.jpg]
[alamp-store-demo.myshopify.com/products/novelty-pendant.html]
[alamp-store-demo.myshopify.com/cdn/shop/t/8/assets/favicon7490.png]
[alamp-store-demo.myshopify.com/cdn/shop/t/8/assets/icon-for-mobile7b7a.png]
[alamp-store-demo.myshopify.com/cdn/shop/t/8/assets/icon-for-mobile_57x577b7a.png]
[alamp-store-demo.myshopify.com/cdn/shop/t/8/assets/icon-for-mobile_60x607b7a.png]
[alamp-store-demo.myshopify.com/cdn/shop/t/8/assets/icon-for-mobile_72x727b7a.png]
[alamp-store-demo.myshopify.com/cdn/shop/t/8/assets/icon-for-mobile_76x767b7a.png]
[alamp-store-demo.myshopify.com/cdn/shop/t/8/assets/icon-for-mobile_114x1147b7a.png]
[alamp-store-demo.myshopify.com/cdn/shop/t/8/assets/icon-for-mobile_120x1207b7a.png]
[alamp-store-demo.myshopify.com/cdn/shop/t/8/assets/icon-for-mobile_144x1447b7a.png]
[alamp-store-demo.myshopify.com/cdn/shop/t/8/assets/icon-for-mobile_152x1527b7a.png]
[alamp-store-demo.myshopify.com/cdn/shop/products/14.1_medium650f.jpg]
[alamp-store-demo.myshopify.com/cdn/shop/t/8/assets/timber.scss7edb.css]
[alamp-store-demo.myshopify.com/cdn/shop/t/8/assets/bootstrap.min9096.css]
[alamp-store-demo.myshopify.com/cdn/shop/t/8/assets/slick016a.css]
[alamp-store-demo.myshopify.com/cdn/shop/t/8/assets/slick-themeccce.css]
[alamp-store-demo.myshopify.com/cdn/shop/t/8/assets/jquery.fancybox.min29ed.css]
[alamp-store-demo.myshopify.com/cdn/shop/t/8/assets/style-main.scss6ac7.css]
[alamp-store-demo.myshopify.com/cdn/shop/t/8/assets/engo-customize.scss9e1c.css]
[alamp-store-demo.myshopify.com/cdn/shop/t/8/assets/animate.mina84c.css]
[alamp-store-demo.myshopify.com/products/single-pendant.oembed]
[alamp-store-demo.myshopify.com/cdn/shop/t/8/assets/jquery-3.5.0.minbfbc.js]
[alamp-store-demo.myshopify.com/cdn/shop/t/8/assets/modernizr-2.8.3.min69cb.js]
[alamp-store-demo.myshopify.com/cdn/shop/t/8/assets/lazysizes.minafeb.js]
[alamp-store-demo.myshopify.com/cdn/shop/t/8/assets/loader3de1.gif]
[alamp-store-demo.myshopify.com/cdn/shop/t/8/assets/apmenuitem_ihtml_5b6ca.jpg]
[alamp-store-demo.myshopify.com/cdn/shop/products/11.1_80x80574a.jpg]
[alamp-store-demo.myshopify.com/collections/hot-rate/products/novelty-pendant.html]
[alamp-store-demo.myshopify.com/cdn/shop/t/8/assets/fastclickd0a8.js]
[alamp-store-demo.myshopify.com/cdn/shop/t/8/assets/jquery.currencies.min574d.js]
[alamp-store-demo.myshopify.com/cdn/shop/t/8/assets/timbera34d.js]
[alamp-store-demo.myshopify.com/cdn/shop/t/8/assets/handlebars.min204d.js]
[alamp-store-demo.myshopify.com/cdn/shop/t/8/assets/ajax-cart8e6b.js]
[alamp-store-demo.myshopify.com/cdn/shop/t/8/assets/bootstrap.bundle.min3bbb.js]
[alamp-store-demo.myshopify.com/cdn/shop/t/8/assets/slick.min11c7.js]
[alamp-store-demo.myshopify.com/cdn/shop/t/8/assets/instafeed.minbd62.js]
[alamp-store-demo.myshopify.com/cdn/shop/t/8/assets/jquery.fancybox.mincf8c.js]
[alamp-store-demo.myshopify.com/cdn/shop/t/8/assets/engo-pluginsf5c3.js]
[alamp-store-demo.myshopify.com/cdn/shop/t/8/assets/quickview2e43.js]
[alamp-store-demo.myshopify.com/cdn/shop/t/8/assets/collectionf68c.js]
[alamp-store-demo.myshopify.com/cdn/shop/t/8/assets/engo-scripts42aa.js]
[alamp-store-demo.myshopify.com/products/single-pendant.html]
[alamp-store-demo.myshopify.com/cdn/shop/products/12.1_grandefb0f.jpg]
[alamp-store-demo.myshopify.com/cdn/shop/products/12.2_grandefb0f.jpg]
[alamp-store-demo.myshopify.com/cdn/shop/products/12.3_grandefb0f.jpg]
[alamp-store-demo.myshopify.com/cdn/shop/products/12.1_mediumfb0f.jpg]
[alamp-store-demo.myshopify.com/products/cotton-novelty-pendant.oembed]
[alamp-store-demo.myshopify.com/cdn/shop/products/12.2fb0f.jpg]
[alamp-store-demo.myshopify.com/cdn/shop/products/12.3fb0f.jpg]
[alamp-store-demo.myshopify.com/cdn/shop/files/grey7b7a.png]
[alamp-store-demo.myshopify.com/cdn/shop/files/yellow7b7a.png]
[alamp-store-demo.myshopify.com/cdn/shop/files/teal7b7a.png]
[alamp-store-demo.myshopify.com/products/cotton-novelty-pendant.html]
[alamp-store-demo.myshopify.com/cdn/shop/products/11.1_grande574a.jpg]
[alamp-store-demo.myshopify.com/cdn/shop/products/11.2_grande574a.jpg]
[alamp-store-demo.myshopify.com/cdn/shop/products/11.3_grande9c74.jpg]
[alamp-store-demo.myshopify.com/cdn/shop/products/11.1_medium574a.jpg]
[alamp-store-demo.myshopify.com/products/polyester-empire-lamp.oembed]
[alamp-store-demo.myshopify.com/cdn/shop/products/9.1_80x808717.jpg]
[alamp-store-demo.myshopify.com/cdn/shop/products/11.2574a.jpg]
[alamp-store-demo.myshopify.com/cdn/shop/products/11.39c74.jpg]
[alamp-store-demo.myshopify.com/cdn/shop/files/ivory7b7a.png]
[alamp-store-demo.myshopify.com/products/polyester-empire-lamp.html]
[alamp-store-demo.myshopify.com/cdn/shop/products/8.1_grande8a10.jpg]
[alamp-store-demo.myshopify.com/cdn/shop/products/8.2_grande8a10.jpg]
[alamp-store-demo.myshopify.com/cdn/shop/products/8.3_grande8a10.jpg]
[alamp-store-demo.myshopify.com/cdn/shop/products/8.1_medium8a10.jpg]
[alamp-store-demo.myshopify.com/products/light-ceiling-light.oembed]
[alamp-store-demo.myshopify.com/cdn/shop/products/6.1_80x804a8d.jpg]
[alamp-store-demo.myshopify.com/cdn/shop/products/8.28a10.jpg]
[alamp-store-demo.myshopify.com/cdn/shop/products/8.38a10.jpg]
[alamp-store-demo.myshopify.com/cdn/shop/files/slategray7b7a.png]
[alamp-store-demo.myshopify.com/cdn/shop/files/tan7b7a.png]
[alamp-store-demo.myshopify.com/products/light-ceiling-light.html]
[alamp-store-demo.myshopify.com/cdn/shop/products/6.1_grande4a8d.jpg]
[alamp-store-demo.myshopify.com/cdn/shop/products/6.2_grande4a8d.jpg]
[alamp-store-demo.myshopify.com/cdn/shop/products/6.3_grande4a8d.jpg]
[alamp-store-demo.myshopify.com/cdn/shop/products/6.1_medium4a8d.jpg]
[alamp-store-demo.myshopify.com/products/mcgee-desk-lamp.oembed]
[alamp-store-demo.myshopify.com/cdn/shop/products/7.1_80x807219.jpg]
[alamp-store-demo.myshopify.com/cdn/shop/products/4.1_80x8093e8.jpg]
[alamp-store-demo.myshopify.com/cdn/shop/products/6.24a8d.jpg]
[alamp-store-demo.myshopify.com/cdn/shop/products/6.34a8d.jpg]
[alamp-store-demo.myshopify.com/products/mcgee-desk-lamp.html]
[alamp-store-demo.myshopify.com/cdn/shop/products/5.1_grande9abb.jpg]
[alamp-store-demo.myshopify.com/cdn/shop/products/17.2_810b3a5b-c00d-4d64-82c6-6d73a3ee7160_grande0dad.jpg]
[alamp-store-demo.myshopify.com/cdn/shop/products/17.3_d33818c2-1775-4459-b142-5771af010a28_grande89fe.jpg]
[alamp-store-demo.myshopify.com/cdn/shop/products/5.1_medium9abb.jpg]
[alamp-store-demo.myshopify.com/products/armed-sconce.oembed]
[alamp-store-demo.myshopify.com/cdn/shop/products/17.1_80x80cf61.jpg]
[alamp-store-demo.myshopify.com/cdn/shop/products/17.2_810b3a5b-c00d-4d64-82c6-6d73a3ee71600dad.jpg]
[alamp-store-demo.myshopify.com/cdn/shop/products/17.3_d33818c2-1775-4459-b142-5771af010a2889fe.jpg]
[alamp-store-demo.myshopify.com/products/armed-sconce.html]
[alamp-store-demo.myshopify.com/cdn/shop/t/8/assets/logo7b7a.png]
[alamp-store-demo.myshopify.com/collections/all.atom]
[alamp-store-demo.myshopify.com/collections/all4658.html]
[alamp-store-demo.myshopify.com/collections/POST]
[alamp-store-demo.myshopify.com/cdn/shop/files/instagram19ca4.jpg]
[alamp-store-demo.myshopify.com/cdn/shop/files/instagram75f6f.jpg]
[alamp-store-demo.myshopify.com/cdn/shop/files/instagram69ca4.jpg]
[alamp-store-demo.myshopify.com/cdn/shop/files/instagram55f6f.jpg]
[alamp-store-demo.myshopify.com/cdn/shop/files/instagram95f6f.jpg]
[alamp-store-demo.myshopify.com/cdn/shop/files/instagram25f6f.jpg]
[alamp-store-demo.myshopify.com/collections/manual]
[alamp-store-demo.myshopify.com/collections/best-selling]
[alamp-store-demo.myshopify.com/collections/title-ascending]
[alamp-store-demo.myshopify.com/collections/price-descending]
[alamp-store-demo.myshopify.com/collections/price-ascending]
[alamp-store-demo.myshopify.com/collections/created-ascending]
[alamp-store-demo.myshopify.com/collections/created-descending]
[alamp-store-demo.myshopify.com/cdn/shop/t/8/assets/loading1706.gif]
[alamp-store-demo.myshopify.com/collections/all.html]
[alamp-store-demo.myshopify.com/cdn/shop/t/8/compiled_assets/styles7b7a.css]
[alamp-store-demo.myshopify.com/cdn/shop/files/about62d85.jpg]
[alamp-store-demo.myshopify.com/cdn/shop/files/portrait19ebc.jpg]
[alamp-store-demo.myshopify.com/cdn/shop/files/portrait29ebc.jpg]
[alamp-store-demo.myshopify.com/cdn/shop/files/portrait39ebc.jpg]
[alamp-store-demo.myshopify.com/cdn/shop/files/portrait49ebc.jpg]
[alamp-store-demo.myshopify.com/cdn/shop/files/about706c0.jpg]
[alamp-store-demo.myshopify.com/cdn/shop/files/about82349.jpg]
[alamp-store-demo.myshopify.com/cdn/shop/files/about92349.jpg]
[alamp-store-demo.myshopify.com/pages/about-us-2.html]
[alamp-store-demo.myshopify.com/account/login.html]
[alamp-store-demo.myshopify.com/cdn/shop/products/15.3_grande3550.jpg]
[alamp-store-demo.myshopify.com/cdn/shop/products/15.1_medium3550.jpg]
[alamp-store-demo.myshopify.com/products/cohen-1-light-dome-pendant.oembed]
[alamp-store-demo.myshopify.com/cdn/shop/products/13.1_80x8070b0.jpg]
[alamp-store-demo.myshopify.com/cdn/shop/products/15.13550.jpg]
[alamp-store-demo.myshopify.com/cdn/shop/products/15.23550.jpg]
[alamp-store-demo.myshopify.com/cdn/shop/products/15.33550.jpg]
[alamp-store-demo.myshopify.com/cdn/shop/products/15.43550.jpg]
[alamp-store-demo.myshopify.com/cdn/shop/files/lightyellow7b7a.png]
[alamp-store-demo.myshopify.com/collections/hot-deal.html]
[alamp-store-demo.myshopify.com/collections/hot-deal/products/light-drum-pendant.html]
[alamp-store-demo.myshopify.com/cdn/shop/products/13.170b0.jpg]
[alamp-store-demo.myshopify.com/cdn/shop/products/13.470b0.jpg]
[alamp-store-demo.myshopify.com/collections/hot-deal/products/cotton-tapered-pendant.html]
[alamp-store-demo.myshopify.com/cdn/shop/products/10.13f62.jpg]
[alamp-store-demo.myshopify.com/cdn/shop/products/7.2_cf582398-5f78-436d-83a5-11c498fde23c3f62.jpg]
[alamp-store-demo.myshopify.com/collections/hot-deal/products/silk-drum-lamp-shade.html]
[alamp-store-demo.myshopify.com/collections/hot-deal/products/metal-drum-pendant-shade.html]
[alamp-store-demo.myshopify.com/collections/hot-deal/products/tripod-table-lamp.html]
[alamp-store-demo.myshopify.com/cdn/shop/products/4.193e8.jpg]
[alamp-store-demo.myshopify.com/cdn/shop/products/4.45562.jpg]
[alamp-store-demo.myshopify.com/products/cohen-1-light-dome-pendant.html]
[alamp-store-demo.myshopify.com/cdn/shop/products/13.1_grande70b0.jpg]
[alamp-store-demo.myshopify.com/cdn/shop/products/13.2_grande70b0.jpg]
[alamp-store-demo.myshopify.com/cdn/shop/products/13.3_grande70b0.jpg]
[alamp-store-demo.myshopify.com/cdn/shop/products/13.1_medium70b0.jpg]
[alamp-store-demo.myshopify.com/products/light-drum-pendant.oembed]
[alamp-store-demo.myshopify.com/cdn/shop/products/15.1_80x803550.jpg]
[alamp-store-demo.myshopify.com/cdn/shop/products/10.1_80x803f62.jpg]
[alamp-store-demo.myshopify.com/cdn/shop/products/13.270b0.jpg]
[alamp-store-demo.myshopify.com/cdn/shop/products/13.370b0.jpg]
[alamp-store-demo.myshopify.com/collections/hot-deal/products/cohen-1-light-dome-pendant.html]
[alamp-store-demo.myshopify.com/products/light-drum-pendant.html]
[alamp-store-demo.myshopify.com/cdn/shop/products/10.1_grande3f62.jpg]
[alamp-store-demo.myshopify.com/cdn/shop/products/10.2_grande3f62.jpg]
[alamp-store-demo.myshopify.com/cdn/shop/products/2.1_8a063eec-fe14-43eb-85be-bad85ad63fe5_grande3f62.jpg]
[alamp-store-demo.myshopify.com/cdn/shop/products/10.1_medium3f62.jpg]
[alamp-store-demo.myshopify.com/products/cotton-tapered-pendant.oembed]
[alamp-store-demo.myshopify.com/cdn/shop/products/10.23f62.jpg]
[alamp-store-demo.myshopify.com/cdn/shop/products/2.1_8a063eec-fe14-43eb-85be-bad85ad63fe53f62.jpg]
[alamp-store-demo.myshopify.com/products/cotton-tapered-pendant.html]
[alamp-store-demo.myshopify.com/cdn/shop/products/9.1_grande8717.jpg]
[alamp-store-demo.myshopify.com/cdn/shop/products/9.2_grandeb91c.jpg]
[alamp-store-demo.myshopify.com/cdn/shop/products/9.3_grandeb91c.jpg]
[alamp-store-demo.myshopify.com/cdn/shop/products/9.1_medium8717.jpg]
[alamp-store-demo.myshopify.com/products/silk-drum-lamp-shade.oembed]
[alamp-store-demo.myshopify.com/cdn/shop/products/9.2b91c.jpg]
[alamp-store-demo.myshopify.com/cdn/shop/products/9.3b91c.jpg]
[alamp-store-demo.myshopify.com/cdn/shop/files/mediumblue7b7a.png]
[alamp-store-demo.myshopify.com/cdn/shop/files/chartreuse7b7a.png]
[alamp-store-demo.myshopify.com/products/silk-drum-lamp-shade.html]
[alamp-store-demo.myshopify.com/blogs/news.atom]
[alamp-store-demo.myshopify.com/blogs/news/POST]
[alamp-store-demo.myshopify.com/blogs/news/our-favorite-greige-colors/index.html]
[alamp-store-demo.myshopify.com/cdn/shop/articles/blog8_1024x1024a37d.jpg]
[alamp-store-demo.myshopify.com/blogs/news/tagged/lamps.html]
[alamp-store-demo.myshopify.com/blogs/news/tagged/light.html]
[alamp-store-demo.myshopify.com/cdn/shop/articles/blog7_1024x1024155a.jpg]
[alamp-store-demo.myshopify.com/cdn/shop/articles/blog6_1024x102472eb.jpg]
[alamp-store-demo.myshopify.com/cdn/shop/articles/blog5_1024x102458c3.jpg]
[alamp-store-demo.myshopify.com/cdn/shop/articles/blog4_1024x1024b2cd.jpg]
[alamp-store-demo.myshopify.com/blogs/news/tagged/life.html]
[alamp-store-demo.myshopify.com/blogs/news/tagged/lighting.html]
[alamp-store-demo.myshopify.com/blogs/news/tagged/nightstands.html]
[alamp-store-demo.myshopify.com/blogs/news/tagged/tled.html]
[alamp-store-demo.myshopify.com/blogs/news/our-favorite-greige-colors.html]
[alamp-store-demo.myshopify.com/blogs/news4658.html]
[alamp-store-demo.myshopify.com/blogs/POST]
[alamp-store-demo.myshopify.com/cdn/shop/articles/blog3_1024x102403a5.jpg]
[alamp-store-demo.myshopify.com/blogs/news.html]
[alamp-store-demo.myshopify.com/blogs/news/table-lamps-high-to-low/index.html]
[alamp-store-demo.myshopify.com/blogs/news/table-lamps-high-to-low.html]
[alamp-store-demo.myshopify.com/blogs/news/trend-we-are-loving-fluted-details.html]
[alamp-store-demo.myshopify.com/blogs/news/trend-we-are-loving-fluted-details/index.html]
[alamp-store-demo.myshopify.com/blogs/news/five-things-friday/index.html]
[alamp-store-demo.myshopify.com/blogs/news/five-things-friday.html]
[alamp-store-demo.myshopify.com/blogs/news/low-to-high-wood-nightstands/index.html]
[alamp-store-demo.myshopify.com/blogs/news/low-to-high-wood-nightstands.html]
[alamp-store-demo.myshopify.com/blogs/news/emergency-lighting-for-tled-applications-simplified.html]
[alamp-store-demo.myshopify.com/blogs/news/a-new-kind-of-hybrid-flexibility-with-flexfit-t8s/index.html]
[alamp-store-demo.myshopify.com/blogs/news/a-new-kind-of-hybrid-flexibility-with-flexfit-t8s.html]
[alamp-store-demo.myshopify.com/cdn/shop/products/7.1_grande7219.jpg]
[alamp-store-demo.myshopify.com/cdn/shop/products/7.2_grandecc11.jpg]
[alamp-store-demo.myshopify.com/cdn/shop/products/7.3_grandecc11.jpg]
[alamp-store-demo.myshopify.com/cdn/shop/products/7.1_medium7219.jpg]
[alamp-store-demo.myshopify.com/products/metal-drum-pendant-shade.oembed]
[alamp-store-demo.myshopify.com/cdn/shop/products/7.2cc11.jpg]
[alamp-store-demo.myshopify.com/cdn/shop/products/7.3cc11.jpg]
[alamp-store-demo.myshopify.com/products/metal-drum-pendant-shade.html]
[alamp-store-demo.myshopify.com/cdn/shop/products/4.1_grande93e8.jpg]
[alamp-store-demo.myshopify.com/cdn/shop/products/4.2_grande93e8.jpg]
[alamp-store-demo.myshopify.com/cdn/shop/products/4.3_grande5562.jpg]
[alamp-store-demo.myshopify.com/cdn/shop/products/4.1_medium93e8.jpg]
[alamp-store-demo.myshopify.com/products/tripod-table-lamp.oembed]
[alamp-store-demo.myshopify.com/cdn/shop/products/3.1_80x80e738.jpg]
[alamp-store-demo.myshopify.com/cdn/shop/products/4.293e8.jpg]
[alamp-store-demo.myshopify.com/cdn/shop/products/4.35562.jpg]
[alamp-store-demo.myshopify.com/products/tripod-table-lamp.html]
[alamp-store-demo.myshopify.com/cdn/shop/products/3.1_grandee738.jpg]
[alamp-store-demo.myshopify.com/cdn/shop/products/3.2_grandee738.jpg]
[alamp-store-demo.myshopify.com/cdn/shop/products/3.3_grandee738.jpg]
[alamp-store-demo.myshopify.com/cdn/shop/products/3.1_mediume738.jpg]
[alamp-store-demo.myshopify.com/products/hadley-32-cm-table-lamp.oembed]
[alamp-store-demo.myshopify.com/cdn/shop/products/3.1e738.jpg]
[alamp-store-demo.myshopify.com/cdn/shop/products/3.2e738.jpg]
[alamp-store-demo.myshopify.com/cdn/shop/products/3.3e738.jpg]
[alamp-store-demo.myshopify.com/cdn/shop/products/3.4e738.jpg]
[alamp-store-demo.myshopify.com/cdn/shop/files/blanchedalmond7b7a.png]
[alamp-store-demo.myshopify.com/products/hadley-32-cm-table-lamp.html]
[alamp-store-demo.myshopify.com/cdn/shop/products/2.1_grande48f7.jpg]
[alamp-store-demo.myshopify.com/cdn/shop/products/2.1_medium48f7.jpg]
[alamp-store-demo.myshopify.com/products/novelty-table-lamp.oembed]
[alamp-store-demo.myshopify.com/cdn/shop/products/2.148f7.jpg]
[alamp-store-demo.myshopify.com/products/novelty-table-lamp.html]
[alamp-store-demo.myshopify.com/account/login4236.html]
[alamp-store-demo.myshopify.com/cdn/shop/t/3/assets/icons8d88.html]
[alamp-store-demo.myshopify.com/cdn/shop/t/3/assets/icons8d88-2.html]
[alamp-store-demo.myshopify.com/cdn/shop/t/3/assets/icons8d88-3.html]
[alamp-store-demo.myshopify.com/cdn/shop/t/3/assets/icons8d88-4.html]
[alamp-store-demo.myshopify.com/cdn/shop/t/3/assets/slick.html]
[alamp-store-demo.myshopify.com/cdn/shop/t/3/assets/slickd41d.html]
[alamp-store-demo.myshopify.com/cdn/shop/t/3/assets/slick-2.html]
[alamp-store-demo.myshopify.com/cdn/shop/t/3/assets/SofiaProExtraLight8d88.html]
[alamp-store-demo.myshopify.com/cdn/shop/t/3/assets/SofiaProSemiBold8d88.html]
[alamp-store-demo.myshopify.com/cdn/shop/t/3/assets/SofiaProUltraLight8d88.html]
[alamp-store-demo.myshopify.com/cdn/shop/t/3/assets/SofiaProBold8d88.html]
[alamp-store-demo.myshopify.com/cdn/shop/t/3/assets/SofiaProLight8d88.html]
[alamp-store-demo.myshopify.com/cdn/shop/t/3/assets/SofiaProMedium8d88.html]
[alamp-store-demo.myshopify.com/cdn/shop/t/3/assets/SofiaProRegular8d88.html]
[alamp-store-demo.myshopify.com/cdn/shop/t/4/assets/icon-for-mobile7b7a.html]
[alamp-store-demo.myshopify.com/cdn/shop/t/4/assets/icon-for-mobile_57x577b7a.html]
[alamp-store-demo.myshopify.com/cdn/shop/t/4/assets/icon-for-mobile_60x607b7a.html]
[alamp-store-demo.myshopify.com/cdn/shop/t/4/assets/icon-for-mobile_72x727b7a.html]
[alamp-store-demo.myshopify.com/cdn/shop/t/4/assets/icon-for-mobile_76x767b7a.html]
[alamp-store-demo.myshopify.com/cdn/shop/t/4/assets/icon-for-mobile_114x1147b7a.html]
[alamp-store-demo.myshopify.com/cdn/shop/t/4/assets/icon-for-mobile_120x1207b7a.html]
[alamp-store-demo.myshopify.com/cdn/shop/t/4/assets/icon-for-mobile_144x1447b7a.html]
[alamp-store-demo.myshopify.com/cdn/shop/t/4/assets/icon-for-mobile_152x1527b7a.html]
[alamp-store-demo.myshopify.com/cdn/shop/t/4/assets/iconsd7a8.eot]
[alamp-store-demo.myshopify.com/cdn/shop/t/4/assets/iconsd7a8.woff]
[alamp-store-demo.myshopify.com/cdn/shop/t/4/assets/iconsd7a8.ttf]
[alamp-store-demo.myshopify.com/cdn/shop/t/4/assets/iconsd7a8.svg]
[alamp-store-demo.myshopify.com/cdn/shop/t/4/assets/timber.scssfd3a.css]
[alamp-store-demo.myshopify.com/cdn/shop/t/4/assets/bootstrap.minea21.css]
[alamp-store-demo.myshopify.com/cdn/shop/t/4/assets/slick896e.css]
[alamp-store-demo.myshopify.com/cdn/shop/t/4/assets/ajax-loader.gif]
[alamp-store-demo.myshopify.com/cdn/shop/t/4/assets/slick.eot]
[alamp-store-demo.myshopify.com/cdn/shop/t/4/assets/slickd41d.eot]
[alamp-store-demo.myshopify.com/cdn/shop/t/4/assets/slick.svg]
[alamp-store-demo.myshopify.com/cdn/shop/t/4/assets/slick-themed12b.css]
[alamp-store-demo.myshopify.com/cdn/shop/t/4/assets/jquery.fancybox.min9b24.css]
[alamp-store-demo.myshopify.com/cdn/shop/t/4/assets/style-main.scss9946.css]
[alamp-store-demo.myshopify.com/cdn/shop/t/4/assets/SofiaProExtraLightd7a8.ttf]
[alamp-store-demo.myshopify.com/cdn/shop/t/4/assets/SofiaProSemiBoldd7a8.ttf]
[alamp-store-demo.myshopify.com/cdn/shop/t/4/assets/SofiaProUltraLightd7a8.ttf]
[alamp-store-demo.myshopify.com/cdn/shop/t/4/assets/SofiaProBoldd7a8.woff]
[alamp-store-demo.myshopify.com/cdn/shop/t/4/assets/SofiaProLightd7a8.woff]
[alamp-store-demo.myshopify.com/cdn/shop/t/4/assets/SofiaProMediumd7a8.woff]
[alamp-store-demo.myshopify.com/cdn/shop/t/4/assets/SofiaProRegulard7a8.woff]
[alamp-store-demo.myshopify.com/cdn/shop/t/4/assets/engo-customize.scss5e79.css]
[alamp-store-demo.myshopify.com/cdn/shop/t/4/assets/animate.min6abf.css]
[alamp-store-demo.myshopify.com/cdn/shop/t/4/compiled_assets/styles7b7a.css]
[alamp-store-demo.myshopify.com/cdn/shop/t/4/compiled_assets/scripts7b7a.js]
[alamp-store-demo.myshopify.com/pages/POST.html]
[alamp-store-demo.myshopify.com/cdn/shop/t/4/assets/logo7b7a.html]
[alamp-store-demo.myshopify.com/cdn/shop/t/12/assets/icon-for-mobile7b7a.html]
[alamp-store-demo.myshopify.com/cdn/shop/t/12/assets/icon-for-mobile_57x577b7a.html]
[alamp-store-demo.myshopify.com/cdn/shop/t/12/assets/icon-for-mobile_60x607b7a.html]
[alamp-store-demo.myshopify.com/cdn/shop/t/12/assets/icon-for-mobile_72x727b7a.html]
[alamp-store-demo.myshopify.com/cdn/shop/t/12/assets/icon-for-mobile_76x767b7a.html]
[alamp-store-demo.myshopify.com/cdn/shop/t/12/assets/icon-for-mobile_114x1147b7a.html]
[alamp-store-demo.myshopify.com/cdn/shop/t/12/assets/icon-for-mobile_120x1207b7a.html]
[alamp-store-demo.myshopify.com/cdn/shop/t/12/assets/icon-for-mobile_144x1447b7a.html]
[alamp-store-demo.myshopify.com/cdn/shop/t/12/assets/icon-for-mobile_152x1527b7a.html]
[alamp-store-demo.myshopify.com/cdn/shop/t/12/assets/logo7b7a.html]
[alamp-store-demo.myshopify.com/cdn/shop/t/12/assets/icons03e7.eot]
[alamp-store-demo.myshopify.com/cdn/shop/t/12/assets/icons03e7.woff]
[alamp-store-demo.myshopify.com/cdn/shop/t/12/assets/icons03e7.ttf]
[alamp-store-demo.myshopify.com/cdn/shop/t/12/assets/icons03e7.svg]
[alamp-store-demo.myshopify.com/cdn/shop/t/12/assets/timber.scssa7b2.css]
[alamp-store-demo.myshopify.com/cdn/shop/t/12/assets/bootstrap.min3ca2.css]
[alamp-store-demo.myshopify.com/cdn/shop/t/12/assets/slickd04f.css]
[alamp-store-demo.myshopify.com/cdn/shop/t/12/assets/ajax-loader.gif]
[alamp-store-demo.myshopify.com/cdn/shop/t/12/assets/slick.eot]
[alamp-store-demo.myshopify.com/cdn/shop/t/12/assets/slickd41d.eot]
[alamp-store-demo.myshopify.com/cdn/shop/t/12/assets/slick.svg]
[alamp-store-demo.myshopify.com/cdn/shop/t/12/assets/slick-themec2df.css]
[alamp-store-demo.myshopify.com/cdn/shop/t/12/assets/jquery.fancybox.min2d6f.css]
[alamp-store-demo.myshopify.com/cdn/shop/t/12/assets/style-main.scss3193.css]
[alamp-store-demo.myshopify.com/cdn/shop/t/12/assets/SofiaProExtraLight03e7.ttf]
[alamp-store-demo.myshopify.com/cdn/shop/t/12/assets/SofiaProSemiBold03e7.ttf]
[alamp-store-demo.myshopify.com/cdn/shop/t/12/assets/SofiaProUltraLight03e7.ttf]
[alamp-store-demo.myshopify.com/cdn/shop/t/12/assets/SofiaProBold03e7.woff]
[alamp-store-demo.myshopify.com/cdn/shop/t/12/assets/SofiaProLight03e7.woff]
[alamp-store-demo.myshopify.com/cdn/shop/t/12/assets/SofiaProMedium03e7.woff]
[alamp-store-demo.myshopify.com/cdn/shop/t/12/assets/SofiaProRegular03e7.woff]
[alamp-store-demo.myshopify.com/cdn/shop/t/12/assets/engo-customize.scss873c.css]
[alamp-store-demo.myshopify.com/cdn/shop/t/12/assets/animate.mind400.css]
[alamp-store-demo.myshopify.com/account/POST.html]
[alamp-store-demo.myshopify.com/cdn/shop/t/12/compiled_assets/styles7b7a.css]
[alamp-store-demo.myshopify.com/cdn/shop/t/12/compiled_assets/scripts7b7a.js]
[alamp-store-demo.myshopify.com/products/POST.html]
[pinterest.com/pin/create/button/index93f3.html]
[alamp-store-demo.myshopify.com/collections.html]
[alamp-store-demo.myshopify.com/collections/new/products/POST]
[alamp-store-demo.myshopify.com/collections/new/products/mcgee-desk-lamp.html]
[alamp-store-demo.myshopify.com/collections/new/products/armed-sconce.html]
[alamp-store-demo.myshopify.com/collections/new/products/dome-pendant.html]
[alamp-store-demo.myshopify.com/collections/new/products/novelty-pendant.html]
[alamp-store-demo.myshopify.com/collections/new/products/single-pendant.html]
[alamp-store-demo.myshopify.com/collections/new/products/cotton-novelty-pendant.html]
[alamp-store-demo.myshopify.com/cdn/shop/files/black7b7a.html]
[alamp-store-demo.myshopify.com/cdn/shop/files/copper7b7a.html]
[alamp-store-demo.myshopify.com/collections/frontpage.atom]
[alamp-store-demo.myshopify.com/collections/frontpage4658.html]
[alamp-store-demo.myshopify.com/collections/frontpage.oembed]
[alamp-store-demo.myshopify.com/collections/frontpage/products/dome-pendant.html]
[alamp-store-demo.myshopify.com/collections/frontpage/products/novelty-pendant.html]
[alamp-store-demo.myshopify.com/collections/frontpage/products/single-pendant.html]
[alamp-store-demo.myshopify.com/collections/frontpage/products/cotton-novelty-pendant.html]
[alamp-store-demo.myshopify.com/collections/frontpage/products/polyester-empire-lamp.html]
[alamp-store-demo.myshopify.com/collections/frontpage/products/light-ceiling-light.html]
[alamp-store-demo.myshopify.com/collections/frontpage/products/mcgee-desk-lamp.html]
[alamp-store-demo.myshopify.com/collections/frontpage/products/armed-sconce.html]
[alamp-store-demo.myshopify.com/collections/frontpage/products/cohen-1-light-dome-pendant.html]
[alamp-store-demo.myshopify.com/collections/frontpage/products/light-drum-pendant.html]
[alamp-store-demo.myshopify.com/collections/frontpage/products/cotton-tapered-pendant.html]
[alamp-store-demo.myshopify.com/collections/frontpage/products/silk-drum-lamp-shade.html]
[alamp-store-demo.myshopify.com/collections/frontpage/products/metal-drum-pendant-shade.html]
[alamp-store-demo.myshopify.com/collections/frontpage/products/tripod-table-lamp.html]
[alamp-store-demo.myshopify.com/collections/frontpage/products/hadley-32-cm-table-lamp.html]
[alamp-store-demo.myshopify.com/collections/frontpage.html]
[alamp-store-demo.myshopify.com/collections/frontpage/products/novelty-table-lamp.html]
[alamp-store-demo.myshopify.com/collections/new.atom]
[alamp-store-demo.myshopify.com/collections/new.oembed]
[alamp-store-demo.myshopify.com/collections/new.html]
[alamp-store-demo.myshopify.com/collections/new/products/polyester-empire-lamp.html]
[alamp-store-demo.myshopify.com/collections/new/products/light-ceiling-light.html]
[pinterest.com/pin/create/button/index7d2f.html]
[alamp-store-demo.myshopify.com/cdn/shop/files/mintcream7b7a.html]
[alamp-store-demo.myshopify.com/cdn/shop/files/white7b7a.html]
[alamp-store-demo.myshopify.com/collections/hot-rate.atom]
[alamp-store-demo.myshopify.com/collections/hot-rate.oembed]
[alamp-store-demo.myshopify.com/collections/hot-rate/products/tripod-table-lamp.html]
[alamp-store-demo.myshopify.com/collections/hot-rate/products/novelty-table-lamp.html]
[alamp-store-demo.myshopify.com/collections/hot-rate.html]
[alamp-store-demo.myshopify.com/collections/hot-rate/products/POST]
[alamp-store-demo.myshopify.com/collections/hot-rate/products/single-pendant.html]
[alamp-store-demo.myshopify.com/collections/hot-rate/products/polyester-empire-lamp.html]
[alamp-store-demo.myshopify.com/collections/hot-rate/products/silk-drum-lamp-shade.html]
[alamp-store-demo.myshopify.com/collections/hot-rate/products/metal-drum-pendant-shade.html]
[alamp-store-demo.myshopify.com/collections/hot-rate/products/mcgee-desk-lamp.html]
[alamp-store-demo.myshopify.com/cdn/shop/t/8/assets/icon-for-mobile7b7a.html]
[alamp-store-demo.myshopify.com/cdn/shop/t/8/assets/icon-for-mobile_57x577b7a.html]
[alamp-store-demo.myshopify.com/cdn/shop/t/8/assets/icon-for-mobile_60x607b7a.html]
[alamp-store-demo.myshopify.com/cdn/shop/t/8/assets/icon-for-mobile_72x727b7a.html]
[alamp-store-demo.myshopify.com/cdn/shop/t/8/assets/icon-for-mobile_76x767b7a.html]
[alamp-store-demo.myshopify.com/cdn/shop/t/8/assets/icon-for-mobile_114x1147b7a.html]
[alamp-store-demo.myshopify.com/cdn/shop/t/8/assets/icon-for-mobile_120x1207b7a.html]
[alamp-store-demo.myshopify.com/cdn/shop/t/8/assets/icon-for-mobile_144x1447b7a.html]
[alamp-store-demo.myshopify.com/cdn/shop/t/8/assets/icon-for-mobile_152x1527b7a.html]
[alamp-store-demo.myshopify.com/cdn/shop/t/8/assets/iconsf80b.eot]
[alamp-store-demo.myshopify.com/cdn/shop/t/8/assets/iconsf80b.woff]
[alamp-store-demo.myshopify.com/cdn/shop/t/8/assets/iconsf80b.ttf]
[alamp-store-demo.myshopify.com/cdn/shop/t/8/assets/iconsf80b.svg]
[alamp-store-demo.myshopify.com/cdn/shop/t/8/assets/timber.scss7edb.css]
[alamp-store-demo.myshopify.com/cdn/shop/t/8/assets/bootstrap.min9096.css]
[alamp-store-demo.myshopify.com/cdn/shop/t/8/assets/slick016a.css]
[alamp-store-demo.myshopify.com/cdn/shop/t/8/assets/ajax-loader.gif]
[alamp-store-demo.myshopify.com/cdn/shop/t/8/assets/slick.eot]
[alamp-store-demo.myshopify.com/cdn/shop/t/8/assets/slickd41d.eot]
[alamp-store-demo.myshopify.com/cdn/shop/t/8/assets/slick.svg]
[alamp-store-demo.myshopify.com/cdn/shop/t/8/assets/slick-themeccce.css]
[alamp-store-demo.myshopify.com/cdn/shop/t/8/assets/jquery.fancybox.min29ed.css]
[alamp-store-demo.myshopify.com/cdn/shop/t/8/assets/style-main.scss6ac7.css]
[alamp-store-demo.myshopify.com/cdn/shop/t/8/assets/SofiaProExtraLightf80b.ttf]
[alamp-store-demo.myshopify.com/cdn/shop/t/8/assets/SofiaProSemiBoldf80b.ttf]
[alamp-store-demo.myshopify.com/cdn/shop/t/8/assets/SofiaProUltraLightf80b.ttf]
[alamp-store-demo.myshopify.com/cdn/shop/t/8/assets/SofiaProBoldf80b.woff]
[alamp-store-demo.myshopify.com/cdn/shop/t/8/assets/SofiaProLightf80b.woff]
[alamp-store-demo.myshopify.com/cdn/shop/t/8/assets/SofiaProMediumf80b.woff]
[alamp-store-demo.myshopify.com/cdn/shop/t/8/assets/SofiaProRegularf80b.woff]
[alamp-store-demo.myshopify.com/cdn/shop/t/8/assets/engo-customize.scss9e1c.css]
[alamp-store-demo.myshopify.com/cdn/shop/t/8/assets/animate.mina84c.css]
[pinterest.com/pin/create/button/index6813.html]
[alamp-store-demo.myshopify.com/collections/hot-rate/products/novelty-pendant.html]
[pinterest.com/pin/create/button/indexe700.html]
[alamp-store-demo.myshopify.com/cdn/shop/files/grey7b7a.html]
[alamp-store-demo.myshopify.com/cdn/shop/files/yellow7b7a.html]
[alamp-store-demo.myshopify.com/cdn/shop/files/teal7b7a.html]
[pinterest.com/pin/create/button/index657a.html]
[alamp-store-demo.myshopify.com/cdn/shop/files/ivory7b7a.html]
[pinterest.com/pin/create/button/index8921.html]
[alamp-store-demo.myshopify.com/cdn/shop/files/slategray7b7a.html]
[alamp-store-demo.myshopify.com/cdn/shop/files/tan7b7a.html]
[pinterest.com/pin/create/button/indexabd8.html]
[pinterest.com/pin/create/button/index7312.html]
[alamp-store-demo.myshopify.com/cdn/shop/t/8/assets/logo7b7a.html]
[alamp-store-demo.myshopify.com/collections/all2679.html]
[alamp-store-demo.myshopify.com/collections/all4658.html]
[alamp-store-demo.myshopify.com/collections/POST.html]
[alamp-store-demo.myshopify.com/collections/manual.html]
[alamp-store-demo.myshopify.com/collections/best-selling.html]
[alamp-store-demo.myshopify.com/collections/title-ascending.html]
[alamp-store-demo.myshopify.com/collections/price-descending.html]
[alamp-store-demo.myshopify.com/collections/price-ascending.html]
[alamp-store-demo.myshopify.com/collections/created-ascending.html]
[alamp-store-demo.myshopify.com/collections/created-descending.html]
[alamp-store-demo.myshopify.com/cdn/shop/t/8/compiled_assets/styles7b7a.css]
[alamp-store-demo.myshopify.com/cdn/shop/t/8/compiled_assets/scripts7b7a.js]
[pinterest.com/pin/create/button/index34cb.html]
[alamp-store-demo.myshopify.com/cdn/shop/files/lightyellow7b7a.html]
[alamp-store-demo.myshopify.com/collections/hot-deal.atom]
[alamp-store-demo.myshopify.com/collections/hot-deal.oembed]
[alamp-store-demo.myshopify.com/collections/hot-deal/products/hadley-32-cm-table-lamp.html]
[alamp-store-demo.myshopify.com/collections/hot-deal/products/novelty-table-lamp.html]
[alamp-store-demo.myshopify.com/collections/hot-deal.html]
[alamp-store-demo.myshopify.com/collections/hot-deal/products/POST]
[alamp-store-demo.myshopify.com/collections/hot-deal/products/light-drum-pendant.html]
[alamp-store-demo.myshopify.com/collections/hot-deal/products/cotton-tapered-pendant.html]
[alamp-store-demo.myshopify.com/collections/hot-deal/products/silk-drum-lamp-shade.html]
[alamp-store-demo.myshopify.com/collections/hot-deal/products/metal-drum-pendant-shade.html]
[alamp-store-demo.myshopify.com/collections/hot-deal/products/tripod-table-lamp.html]
[pinterest.com/pin/create/button/indexdf52.html]
[alamp-store-demo.myshopify.com/collections/hot-deal/products/cohen-1-light-dome-pendant.html]
[pinterest.com/pin/create/button/indexa955.html]
[pinterest.com/pin/create/button/index3b7e.html]
[alamp-store-demo.myshopify.com/cdn/shop/files/mediumblue7b7a.html]
[alamp-store-demo.myshopify.com/cdn/shop/files/chartreuse7b7a.html]
[alamp-store-demo.myshopify.com/blogs/news/POST.html]
[alamp-store-demo.myshopify.com/blogs/news/our-favorite-greige-colors/POST]
[alamp-store-demo.myshopify.com/blogs/news/our-favorite-greige-colors/index.html]
[alamp-store-demo.myshopify.com/blogs/news/tagged/lamps.atom]
[alamp-store-demo.myshopify.com/blogs/news/tagged/POST.817.delayed]
[alamp-store-demo.myshopify.com/blogs/news/tagged/lamps.html]
[alamp-store-demo.myshopify.com/blogs/news/tagged/light.atom]
[alamp-store-demo.myshopify.com/blogs/news/how-to-light-your-multi-tasking-life.html]
[alamp-store-demo.myshopify.com/cdn/shop/articles/blog1_1024x102417ca.jpg]
[alamp-store-demo.myshopify.com/blogs/news/tagged/light.html]
[alamp-store-demo.myshopify.com/blogs/news/tagged/life.html]
[alamp-store-demo.myshopify.com/blogs/news/tagged/life.atom]
[alamp-store-demo.myshopify.com/blogs/news/tagged/lighting.atom]
[alamp-store-demo.myshopify.com/cdn/shop/articles/blog2_1024x10249432.jpg]
[alamp-store-demo.myshopify.com/blogs/news/tagged/lighting.html]
[alamp-store-demo.myshopify.com/blogs/news/tagged/nightstands.html]
[alamp-store-demo.myshopify.com/blogs/news/tagged/nightstands.atom]
[alamp-store-demo.myshopify.com/blogs/news/tagged/tled.html]
[alamp-store-demo.myshopify.com/blogs/news/tagged/tled.atom]
[alamp-store-demo.myshopify.com/blogs/news4658.html]
[alamp-store-demo.myshopify.com/blogs/POST.html]
[alamp-store-demo.myshopify.com/blogs/news2679.html]
[alamp-store-demo.myshopify.com/blogs/news/table-lamps-high-to-low/POST]
[alamp-store-demo.myshopify.com/blogs/news/table-lamps-high-to-low/index.html]
[alamp-store-demo.myshopify.com/blogs/news/trend-we-are-loving-fluted-details/POST]
[alamp-store-demo.myshopify.com/blogs/news/trend-we-are-loving-fluted-details/index.html]
[alamp-store-demo.myshopify.com/blogs/news/five-things-friday/POST]
[alamp-store-demo.myshopify.com/blogs/news/five-things-friday/index.html]
[alamp-store-demo.myshopify.com/blogs/news/low-to-high-wood-nightstands/POST]
[alamp-store-demo.myshopify.com/blogs/news/low-to-high-wood-nightstands/index.html]
[alamp-store-demo.myshopify.com/blogs/news/a-new-kind-of-hybrid-flexibility-with-flexfit-t8s/POST]
[alamp-store-demo.myshopify.com/blogs/news/a-new-kind-of-hybrid-flexibility-with-flexfit-t8s/index.html]
[alamp-store-demo.myshopify.com/blogs/news/emergency-lighting-for-tled-applications-simplified.html]
[pinterest.com/pin/create/button/index1688.html]
[pinterest.com/pin/create/button/index9c96.html]
[pinterest.com/pin/create/button/indexbbce.html]
[alamp-store-demo.myshopify.com/cdn/shop/files/blanchedalmond7b7a.html]
[pinterest.com/pin/create/button/index9574.html]
[alamp-store-demo.myshopify.com/cdn/shop/t/4/assets/iconsd7a8.html]
[alamp-store-demo.myshopify.com/cdn/shop/t/4/assets/iconsd7a8-2.html]
[alamp-store-demo.myshopify.com/cdn/shop/t/4/assets/iconsd7a8-3.html]
[alamp-store-demo.myshopify.com/cdn/shop/t/4/assets/iconsd7a8-4.html]
[alamp-store-demo.myshopify.com/cdn/shop/t/4/assets/slick.html]
[alamp-store-demo.myshopify.com/cdn/shop/t/4/assets/slickd41d.html]
[alamp-store-demo.myshopify.com/cdn/shop/t/4/assets/slick-2.html]
[alamp-store-demo.myshopify.com/cdn/shop/t/4/assets/SofiaProExtraLightd7a8.html]
[alamp-store-demo.myshopify.com/cdn/shop/t/4/assets/SofiaProSemiBoldd7a8.html]
[alamp-store-demo.myshopify.com/cdn/shop/t/4/assets/SofiaProUltraLightd7a8.html]
[alamp-store-demo.myshopify.com/cdn/shop/t/4/assets/SofiaProBoldd7a8.html]
[alamp-store-demo.myshopify.com/cdn/shop/t/4/assets/SofiaProLightd7a8.html]
[alamp-store-demo.myshopify.com/cdn/shop/t/4/assets/SofiaProMediumd7a8.html]
[alamp-store-demo.myshopify.com/cdn/shop/t/4/assets/SofiaProRegulard7a8.html]
[alamp-store-demo.myshopify.com/cdn/shop/t/12/assets/icons03e7.html]
[alamp-store-demo.myshopify.com/cdn/shop/t/12/assets/icons03e7-2.html]
[alamp-store-demo.myshopify.com/cdn/shop/t/12/assets/icons03e7-3.html]
[alamp-store-demo.myshopify.com/cdn/shop/t/12/assets/icons03e7-4.html]
[alamp-store-demo.myshopify.com/cdn/shop/t/12/assets/slick.html]
[alamp-store-demo.myshopify.com/cdn/shop/t/12/assets/slickd41d.html]
[alamp-store-demo.myshopify.com/cdn/shop/t/12/assets/slick-2.html]
[alamp-store-demo.myshopify.com/cdn/shop/t/12/assets/SofiaProExtraLight03e7.html]
[alamp-store-demo.myshopify.com/cdn/shop/t/12/assets/SofiaProSemiBold03e7.html]
[alamp-store-demo.myshopify.com/cdn/shop/t/12/assets/SofiaProUltraLight03e7.html]
[alamp-store-demo.myshopify.com/cdn/shop/t/12/assets/SofiaProBold03e7.html]
[alamp-store-demo.myshopify.com/cdn/shop/t/12/assets/SofiaProLight03e7.html]
[alamp-store-demo.myshopify.com/cdn/shop/t/12/assets/SofiaProMedium03e7.html]
[alamp-store-demo.myshopify.com/cdn/shop/t/12/assets/SofiaProRegular03e7.html]
[alamp-store-demo.myshopify.com/blogs/news/emergency-lighting-for-tled-applications-simplified/index.html]
[pinterest.com/pin/create/button/index9d20.html]
[alamp-store-demo.myshopify.com/collections/new/products/POST.html]
[alamp-store-demo.myshopify.com/collections/new/products/mcgee-desk-lamp.html]
[alamp-store-demo.myshopify.com/collections/new/products/armed-sconce.html]
[alamp-store-demo.myshopify.com/collections/frontpage2679.html]
[alamp-store-demo.myshopify.com/collections/frontpage4658.oembed]
[alamp-store-demo.myshopify.com/collections/frontpage4658.html]
[alamp-store-demo.myshopify.com/collections/frontpage/products/POST]
[alamp-store-demo.myshopify.com/collections/frontpage/products/dome-pendant.html]
[alamp-store-demo.myshopify.com/collections/frontpage/products/novelty-pendant.html]
[alamp-store-demo.myshopify.com/collections/frontpage/products/single-pendant.html]
[alamp-store-demo.myshopify.com/collections/frontpage/products/cotton-novelty-pendant.html]
[alamp-store-demo.myshopify.com/collections/frontpage/products/polyester-empire-lamp.html]
[alamp-store-demo.myshopify.com/collections/frontpage/products/light-ceiling-light.html]
[alamp-store-demo.myshopify.com/collections/frontpage/products/mcgee-desk-lamp.html]
[alamp-store-demo.myshopify.com/collections/frontpage/products/armed-sconce.html]
[alamp-store-demo.myshopify.com/collections/frontpage/products/cohen-1-light-dome-pendant.html]
[alamp-store-demo.myshopify.com/collections/frontpage/products/light-drum-pendant.html]
[alamp-store-demo.myshopify.com/collections/frontpage/products/cotton-tapered-pendant.html]
[alamp-store-demo.myshopify.com/collections/frontpage/products/silk-drum-lamp-shade.html]
[alamp-store-demo.myshopify.com/collections/frontpage/products/metal-drum-pendant-shade.html]
[alamp-store-demo.myshopify.com/collections/frontpage/products/tripod-table-lamp.html]
[alamp-store-demo.myshopify.com/collections/frontpage/products/hadley-32-cm-table-lamp.html]
[alamp-store-demo.myshopify.com/collections/frontpage/products/novelty-table-lamp.html]
[pinterest.com/pin/create/button/index26de.html]
[alamp-store-demo.myshopify.com/collections/hot-rate/products/tripod-table-lamp.html]
[alamp-store-demo.myshopify.com/collections/hot-rate/products/novelty-table-lamp.html]
[alamp-store-demo.myshopify.com/collections/hot-rate/products/POST.html]
[alamp-store-demo.myshopify.com/cdn/shop/t/8/assets/iconsf80b.html]
[alamp-store-demo.myshopify.com/cdn/shop/t/8/assets/iconsf80b-2.html]
[alamp-store-demo.myshopify.com/cdn/shop/t/8/assets/iconsf80b-3.html]
[alamp-store-demo.myshopify.com/cdn/shop/t/8/assets/iconsf80b-4.html]
[alamp-store-demo.myshopify.com/cdn/shop/t/8/assets/slick.html]
[alamp-store-demo.myshopify.com/cdn/shop/t/8/assets/slickd41d.html]
[alamp-store-demo.myshopify.com/cdn/shop/t/8/assets/slick-2.html]
[alamp-store-demo.myshopify.com/cdn/shop/t/8/assets/SofiaProExtraLightf80b.html]
[alamp-store-demo.myshopify.com/cdn/shop/t/8/assets/SofiaProSemiBoldf80b.html]
[alamp-store-demo.myshopify.com/cdn/shop/t/8/assets/SofiaProUltraLightf80b.html]
[alamp-store-demo.myshopify.com/cdn/shop/t/8/assets/SofiaProBoldf80b.html]
[alamp-store-demo.myshopify.com/cdn/shop/t/8/assets/SofiaProLightf80b.html]
[alamp-store-demo.myshopify.com/cdn/shop/t/8/assets/SofiaProMediumf80b.html]
[alamp-store-demo.myshopify.com/cdn/shop/t/8/assets/SofiaProRegularf80b.html]
[pinterest.com/pin/create/button/index5fb7.html]
[pinterest.com/pin/create/button/indexc04a.html]
[pinterest.com/pin/create/button/index8fc4.html]
[pinterest.com/pin/create/button/indexea61.html]
[pinterest.com/pin/create/button/index4bd1.html]
[pinterest.com/pin/create/button/index5b71.html]
[alamp-store-demo.myshopify.com/collections/all2679.html]
[pinterest.com/pin/create/button/index03ab.html]
[alamp-store-demo.myshopify.com/collections/hot-deal/products/hadley-32-cm-table-lamp.html]
[alamp-store-demo.myshopify.com/collections/hot-deal/products/novelty-table-lamp.html]
[alamp-store-demo.myshopify.com/collections/hot-deal/products/POST.html]
[pinterest.com/pin/create/button/indexa1b9.html]
[pinterest.com/pin/create/button/indexfb6a.html]
[pinterest.com/pin/create/button/index7e0e.html]
[alamp-store-demo.myshopify.com/blogs/news/our-favorite-greige-colors/POST.html]
[alamp-store-demo.myshopify.com/blogs/news/tagged/POST.html]
[alamp-store-demo.myshopify.com/blogs/news/how-to-light-your-multi-tasking-life.html]
[alamp-store-demo.myshopify.com/blogs/news2679.html]
[alamp-store-demo.myshopify.com/blogs/news/table-lamps-high-to-low/POST.html]
[alamp-store-demo.myshopify.com/blogs/news/trend-we-are-loving-fluted-details/POST.html]
[alamp-store-demo.myshopify.com/blogs/news/five-things-friday/POST.html]
[alamp-store-demo.myshopify.com/blogs/news/low-to-high-wood-nightstands/POST.html]
[alamp-store-demo.myshopify.com/blogs/news/a-new-kind-of-hybrid-flexibility-with-flexfit-t8s/POST.html]
[alamp-store-demo.myshopify.com/blogs/news/how-to-light-your-multi-tasking-life/index.html]
[alamp-store-demo.myshopify.com/blogs/news/emergency-lighting-for-tled-applications-simplified/POST.a1d.delayed]
[alamp-store-demo.myshopify.com/blogs/news/emergency-lighting-for-tled-applications-simplified/index.html]
[pinterest.com/pin/create/button/index6ef1.html]
[pinterest.com/pin/create/button/index229d.html]
[pinterest.com/pin/create/button/index5c45.html]
[pinterest.com/pin/create/button/index302c.html]
[alamp-store-demo.myshopify.com/collections/frontpage2679.html]
[alamp-store-demo.myshopify.com/collections/frontpage/products/POST.html]
[alamp-store-demo.myshopify.com/blogs/news/how-to-light-your-multi-tasking-life/POST]
[alamp-store-demo.myshopify.com/blogs/news/how-to-light-your-multi-tasking-life/index.html]
[alamp-store-demo.myshopify.com/blogs/news/emergency-lighting-for-tled-applications-simplified/POST.html]
[alamp-store-demo.myshopify.com/blogs/news/how-to-light-your-multi-tasking-life/POST.html]
